Archive member included to satisfy reference by file (symbol)

C:/STM_PROGRAMS/ST_CUBE_IDE/STM32CubeIDE_1.19.0/STM32CubeIDE/plugins/com.st.stm32cube.ide.mcu.externaltools.gnu-tools-for-stm32.13.3.rel1.win32_1.0.0.202411081344/tools/bin/../lib/gcc/arm-none-eabi/13.3.1/../../../../arm-none-eabi/lib/thumb/v6-m/nofp\libc_nano.a(libc_a-exit.o)
                              C:/STM_PROGRAMS/ST_CUBE_IDE/STM32CubeIDE_1.19.0/STM32CubeIDE/plugins/com.st.stm32cube.ide.mcu.externaltools.gnu-tools-for-stm32.13.3.rel1.win32_1.0.0.202411081344/tools/bin/../lib/gcc/arm-none-eabi/13.3.1/../../../../arm-none-eabi/lib/thumb/v6-m/nofp/crt0.o (exit)
C:/STM_PROGRAMS/ST_CUBE_IDE/STM32CubeIDE_1.19.0/STM32CubeIDE/plugins/com.st.stm32cube.ide.mcu.externaltools.gnu-tools-for-stm32.13.3.rel1.win32_1.0.0.202411081344/tools/bin/../lib/gcc/arm-none-eabi/13.3.1/../../../../arm-none-eabi/lib/thumb/v6-m/nofp\libc_nano.a(libc_a-findfp.o)
                              C:/STM_PROGRAMS/ST_CUBE_IDE/STM32CubeIDE_1.19.0/STM32CubeIDE/plugins/com.st.stm32cube.ide.mcu.externaltools.gnu-tools-for-stm32.13.3.rel1.win32_1.0.0.202411081344/tools/bin/../lib/gcc/arm-none-eabi/13.3.1/../../../../arm-none-eabi/lib/thumb/v6-m/nofp\libc_nano.a(libc_a-exit.o) (__stdio_exit_handler)
C:/STM_PROGRAMS/ST_CUBE_IDE/STM32CubeIDE_1.19.0/STM32CubeIDE/plugins/com.st.stm32cube.ide.mcu.externaltools.gnu-tools-for-stm32.13.3.rel1.win32_1.0.0.202411081344/tools/bin/../lib/gcc/arm-none-eabi/13.3.1/../../../../arm-none-eabi/lib/thumb/v6-m/nofp\libc_nano.a(libc_a-fwalk.o)
                              C:/STM_PROGRAMS/ST_CUBE_IDE/STM32CubeIDE_1.19.0/STM32CubeIDE/plugins/com.st.stm32cube.ide.mcu.externaltools.gnu-tools-for-stm32.13.3.rel1.win32_1.0.0.202411081344/tools/bin/../lib/gcc/arm-none-eabi/13.3.1/../../../../arm-none-eabi/lib/thumb/v6-m/nofp\libc_nano.a(libc_a-findfp.o) (_fwalk_sglue)
C:/STM_PROGRAMS/ST_CUBE_IDE/STM32CubeIDE_1.19.0/STM32CubeIDE/plugins/com.st.stm32cube.ide.mcu.externaltools.gnu-tools-for-stm32.13.3.rel1.win32_1.0.0.202411081344/tools/bin/../lib/gcc/arm-none-eabi/13.3.1/../../../../arm-none-eabi/lib/thumb/v6-m/nofp\libc_nano.a(libc_a-stdio.o)
                              C:/STM_PROGRAMS/ST_CUBE_IDE/STM32CubeIDE_1.19.0/STM32CubeIDE/plugins/com.st.stm32cube.ide.mcu.externaltools.gnu-tools-for-stm32.13.3.rel1.win32_1.0.0.202411081344/tools/bin/../lib/gcc/arm-none-eabi/13.3.1/../../../../arm-none-eabi/lib/thumb/v6-m/nofp\libc_nano.a(libc_a-findfp.o) (__sread)
C:/STM_PROGRAMS/ST_CUBE_IDE/STM32CubeIDE_1.19.0/STM32CubeIDE/plugins/com.st.stm32cube.ide.mcu.externaltools.gnu-tools-for-stm32.13.3.rel1.win32_1.0.0.202411081344/tools/bin/../lib/gcc/arm-none-eabi/13.3.1/../../../../arm-none-eabi/lib/thumb/v6-m/nofp\libc_nano.a(libc_a-memset.o)
                              C:/STM_PROGRAMS/ST_CUBE_IDE/STM32CubeIDE_1.19.0/STM32CubeIDE/plugins/com.st.stm32cube.ide.mcu.externaltools.gnu-tools-for-stm32.13.3.rel1.win32_1.0.0.202411081344/tools/bin/../lib/gcc/arm-none-eabi/13.3.1/../../../../arm-none-eabi/lib/thumb/v6-m/nofp/crt0.o (memset)
C:/STM_PROGRAMS/ST_CUBE_IDE/STM32CubeIDE_1.19.0/STM32CubeIDE/plugins/com.st.stm32cube.ide.mcu.externaltools.gnu-tools-for-stm32.13.3.rel1.win32_1.0.0.202411081344/tools/bin/../lib/gcc/arm-none-eabi/13.3.1/../../../../arm-none-eabi/lib/thumb/v6-m/nofp\libc_nano.a(libc_a-closer.o)
                              C:/STM_PROGRAMS/ST_CUBE_IDE/STM32CubeIDE_1.19.0/STM32CubeIDE/plugins/com.st.stm32cube.ide.mcu.externaltools.gnu-tools-for-stm32.13.3.rel1.win32_1.0.0.202411081344/tools/bin/../lib/gcc/arm-none-eabi/13.3.1/../../../../arm-none-eabi/lib/thumb/v6-m/nofp\libc_nano.a(libc_a-stdio.o) (_close_r)
C:/STM_PROGRAMS/ST_CUBE_IDE/STM32CubeIDE_1.19.0/STM32CubeIDE/plugins/com.st.stm32cube.ide.mcu.externaltools.gnu-tools-for-stm32.13.3.rel1.win32_1.0.0.202411081344/tools/bin/../lib/gcc/arm-none-eabi/13.3.1/../../../../arm-none-eabi/lib/thumb/v6-m/nofp\libc_nano.a(libc_a-reent.o)
                              C:/STM_PROGRAMS/ST_CUBE_IDE/STM32CubeIDE_1.19.0/STM32CubeIDE/plugins/com.st.stm32cube.ide.mcu.externaltools.gnu-tools-for-stm32.13.3.rel1.win32_1.0.0.202411081344/tools/bin/../lib/gcc/arm-none-eabi/13.3.1/../../../../arm-none-eabi/lib/thumb/v6-m/nofp\libc_nano.a(libc_a-closer.o) (errno)
C:/STM_PROGRAMS/ST_CUBE_IDE/STM32CubeIDE_1.19.0/STM32CubeIDE/plugins/com.st.stm32cube.ide.mcu.externaltools.gnu-tools-for-stm32.13.3.rel1.win32_1.0.0.202411081344/tools/bin/../lib/gcc/arm-none-eabi/13.3.1/../../../../arm-none-eabi/lib/thumb/v6-m/nofp\libc_nano.a(libc_a-impure.o)
                              C:/STM_PROGRAMS/ST_CUBE_IDE/STM32CubeIDE_1.19.0/STM32CubeIDE/plugins/com.st.stm32cube.ide.mcu.externaltools.gnu-tools-for-stm32.13.3.rel1.win32_1.0.0.202411081344/tools/bin/../lib/gcc/arm-none-eabi/13.3.1/../../../../arm-none-eabi/lib/thumb/v6-m/nofp\libc_nano.a(libc_a-reent.o) (_impure_ptr)
[...]
Memory Configuration

Name             Origin             Length             Attributes
RAM              0x20000000         0x0000a000         xrw
FLASH            0x08000000         0x00040000         xr
*default*        0x00000000         0xffffffff

Linker script and memory map

LOAD C:/STM_PROGRAMS/ST_CUBE_IDE/STM32CubeIDE_1.19.0/STM32CubeIDE/plugins/com.st.stm32cube.ide.mcu.externaltools.gnu-tools-for-stm32.13.3.rel1.win32_1.0.0.202411081344/tools/bin/../lib/gcc/arm-none-eabi/13.3.1/thumb/v6-m/nofp/crti.o
LOAD C:/STM_PROGRAMS/ST_CUBE_IDE/STM32CubeIDE_1.19.0/STM32CubeIDE/plugins/com.st.stm32cube.ide.mcu.externaltools.gnu-tools-for-stm32.13.3.rel1.win32_1.0.0.202411081344/tools/bin/../lib/gcc/arm-none-eabi/13.3.1/thumb/v6-m/nofp/crtbegin.o
LOAD C:/STM_PROGRAMS/ST_CUBE_IDE/STM32CubeIDE_1.19.0/STM32CubeIDE/plugins/com.st.stm32cube.ide.mcu.externaltools.gnu-tools-for-stm32.13.3.rel1.win32_1.0.0.202411081344/tools/bin/../lib/gcc/arm-none-eabi/13.3.1/../../../../arm-none-eabi/lib/thumb/v6-m/nofp/crt0.o
LOAD ./Core/Src/flash.o
LOAD ./Core/Src/gpio.o
LOAD ./Core/Src/i2c.o
LOAD ./Core/Src/main.o
LOAD ./Core/Src/stm32u0xx_hal_msp.o
LOAD ./Core/Src/stm32u0xx_it.o
LOAD ./Core/Src/syscalls.o
LOAD ./Core/Src/sysmem.o
LOAD ./Core/Src/system_stm32u0xx.o
LOAD ./Core/Src/usart.o
LOAD ./Core/Src/usb.o
LOAD ./Core/Startup/startup_stm32u083cctx.o
LOAD ./Drivers/STM32U0xx_HAL_Driver/Src/stm32u0xx_hal.o
LOAD ./Drivers/STM32U0xx_HAL_Driver/Src/stm32u0xx_hal_cortex.o
LOAD ./Drivers/STM32U0xx_HAL_Driver/Src/stm32u0xx_hal_dma.o
LOAD ./Drivers/STM32U0xx_HAL_Driver/Src/stm32u0xx_hal_dma_ex.o
LOAD ./Drivers/STM32U0xx_HAL_Driver/Src/stm32u0xx_hal_exti.o
LOAD ./Drivers/STM32U0xx_HAL_Driver/Src/stm32u0xx_hal_flash.o
LOAD ./Drivers/STM32U0xx_HAL_Driver/Src/stm32u0xx_hal_flash_ex.o
LOAD ./Drivers/STM32U0xx_HAL_Driver/Src/stm32u0xx_hal_gpio.o
LOAD ./Drivers/STM32U0xx_HAL_Driver/Src/stm32u0xx_hal_i2c.o
LOAD ./Drivers/STM32U0xx_HAL_Driver/Src/stm32u0xx_hal_i2c_ex.o
LOAD ./Drivers/STM32U0xx_HAL_Driver/Src/stm32u0xx_hal_pcd.o
LOAD ./Drivers/STM32U0xx_HAL_Driver/Src/stm32u0xx_hal_pcd_ex.o
LOAD ./Drivers/STM32U0xx_HAL_Driver/Src/stm32u0xx_hal_pwr.o
LOAD ./Drivers/STM32U0xx_HAL_Driver/Src/stm32u0xx_hal_pwr_ex.o
LOAD ./Drivers/STM32U0xx_HAL_Driver/Src/stm32u0xx_hal_rcc.o
LOAD ./Drivers/STM32U0xx_HAL_Driver/Src/stm32u0xx_hal_rcc_ex.o
LOAD ./Drivers/STM32U0xx_HAL_Driver/Src/stm32u0xx_hal_uart.o
LOAD ./Drivers/STM32U0xx_HAL_Driver/Src/stm32u0xx_hal_uart_ex.o
LOAD ./Drivers/STM32U0xx_HAL_Driver/Src/stm32u0xx_ll_i2c.o
LOAD ./Drivers/STM32U0xx_HAL_Driver/Src/stm32u0xx_ll_usb.o
START GROUP
LOAD C:/STM_PROGRAMS/ST_CUBE_IDE/STM32CubeIDE_1.19.0/STM32CubeIDE/plugins/com.st.stm32cube.ide.mcu.externaltools.gnu-tools-for-stm32.13.3.rel1.win32_1.0.0.202411081344/tools/bin/../lib/gcc/arm-none-eabi/13.3.1/../../../../arm-none-eabi/lib/thumb/v6-m/nofp\libc_nano.a
LOAD C:/STM_PROGRAMS/ST_CUBE_IDE/STM32CubeIDE_1.19.0/STM32CubeIDE/plugins/com.st.stm32cube.ide.mcu.externaltools.gnu-tools-for-stm32.13.3.rel1.win32_1.0.0.202411081344/tools/bin/../lib/gcc/arm-none-eabi/13.3.1/../../../../arm-none-eabi/lib/thumb/v6-m/nofp\libm.a
END GROUP
START GROUP
LOAD C:/STM_PROGRAMS/ST_CUBE_IDE/STM32CubeIDE_1.19.0/STM32CubeIDE/plugins/com.st.stm32cube.ide.mcu.externaltools.gnu-tools-for-stm32.13.3.rel1.win32_1.0.0.202411081344/tools/bin/../lib/gcc/arm-none-eabi/13.3.1/thumb/v6-m/nofp\libgcc.a
LOAD C:/STM_PROGRAMS/ST_CUBE_IDE/STM32CubeIDE_1.19.0/STM32CubeIDE/plugins/com.st.stm32cube.ide.mcu.externaltools.gnu-tools-for-stm32.13.3.rel1.win32_1.0.0.202411081344/tools/bin/../lib/gcc/arm-none-eabi/13.3.1/../../../../arm-none-eabi/lib/thumb/v6-m/nofp\libc_nano.a
END GROUP
START GROUP
LOAD C:/STM_PROGRAMS/ST_CUBE_IDE/STM32CubeIDE_1.19.0/STM32CubeIDE/plugins/com.st.stm32cube.ide.mcu.externaltools.gnu-tools-for-stm32.13.3.rel1.win32_1.0.0.202411081344/tools/bin/../lib/gcc/arm-none-eabi/13.3.1/thumb/v6-m/nofp\libgcc.a
LOAD C:/STM_PROGRAMS/ST_CUBE_IDE/STM32CubeIDE_1.19.0/STM32CubeIDE/plugins/com.st.stm32cube.ide.mcu.externaltools.gnu-tools-for-stm32.13.3.rel1.win32_1.0.0.202411081344/tools/bin/../lib/gcc/arm-none-eabi/13.3.1/../../../../arm-none-eabi/lib/thumb/v6-m/nofp\libc_nano.a
LOAD C:/STM_PROGRAMS/ST_CUBE_IDE/STM32CubeIDE_1.19.0/STM32CubeIDE/plugins/com.st.stm32cube.ide.mcu.externaltools.gnu-tools-for-stm32.13.3.rel1.win32_1.0.0.202411081344/tools/bin/../lib/gcc/arm-none-eabi/13.3.1/../../../../arm-none-eabi/lib/thumb/v6-m/nofp\libnosys.a
END GROUP
START GROUP
LOAD C:/STM_PROGRAMS/ST_CUBE_IDE/STM32CubeIDE_1.19.0/STM32CubeIDE/plugins/com.st.stm32cube.ide.mcu.externaltools.gnu-tools-for-stm32.13.3.rel1.win32_1.0.0.202411081344/tools/bin/../lib/gcc/arm-none-eabi/13.3.1/thumb/v6-m/nofp\libgcc.a
LOAD C:/STM_PROGRAMS/ST_CUBE_IDE/STM32CubeIDE_1.19.0/STM32CubeIDE/plugins/com.st.stm32cube.ide.mcu.externaltools.gnu-tools-for-stm32.13.3.rel1.win32_1.0.0.202411081344/tools/bin/../lib/gcc/arm-none-eabi/13.3.1/../../../../arm-none-eabi/lib/thumb/v6-m/nofp\libc_nano.a
LOAD C:/STM_PROGRAMS/ST_CUBE_IDE/STM32CubeIDE_1.19.0/STM32CubeIDE/plugins/com.st.stm32cube.ide.mcu.externaltools.gnu-tools-for-stm32.13.3.rel1.win32_1.0.0.202411081344/tools/bin/../lib/gcc/arm-none-eabi/13.3.1/../../../../arm-none-eabi/lib/thumb/v6-m/nofp\libnosys.a
END GROUP
LOAD C:/STM_PROGRAMS/ST_CUBE_IDE/STM32CubeIDE_1.19.0/STM32CubeIDE/plugins/com.st.stm32cube.ide.mcu.externaltools.gnu-tools-for-stm32.13.3.rel1.win32_1.0.0.202411081344/tools/bin/../lib/gcc/arm-none-eabi/13.3.1/thumb/v6-m/nofp/crtend.o
LOAD C:/STM_PROGRAMS/ST_CUBE_IDE/STM32CubeIDE_1.19.0/STM32CubeIDE/plugins/com.st.stm32cube.ide.mcu.externaltools.gnu-tools-for-stm32.13.3.rel1.win32_1.0.0.202411081344/tools/bin/../lib/gcc/arm-none-eabi/13.3.1/thumb/v6-m/nofp/crtn.o
                0x2000a000                        _estack = (ORIGIN (RAM) + LENGTH (RAM))
                0x00000200                        _Min_Heap_Size = 0x200
                0x00000400                        _Min_Stack_Size = 0x400

.isr_vector     0x08000000       0xc0
                0x08000000                        . = ALIGN (0x4)
 *(.isr_vector)
 .isr_vector    0x08000000       0xc0 ./Core/Startup/startup_stm32u083cctx.o
                0x08000000                g_pfnVectors
                0x080000c0                        . = ALIGN (0x4)

.text           0x080000c0     0x47bc
                0x080000c0                        . = ALIGN (0x4)
 *(.text)
 .text          0x080000c0       0x48 C:/STM_PROGRAMS/ST_CUBE_IDE/STM32CubeIDE_1.19.0/STM32CubeIDE/plugins/com.st.stm32cube.ide.mcu.externaltools.gnu-tools-for-stm32.13.3.rel1.win32_1.0.0.202411081344/tools/bin/../lib/gcc/arm-none-eabi/13.3.1/thumb/v6-m/nofp/crtbegin.o
 .text          0x08000108      0x114 C:/STM_PROGRAMS/ST_CUBE_IDE/STM32CubeIDE_1.19.0/STM32CubeIDE/plugins/com.st.stm32cube.ide.mcu.externaltools.gnu-tools-for-stm32.13.3.rel1.win32_1.0.0.202411081344/tools/bin/../lib/gcc/arm-none-eabi/13.3.1/thumb/v6-m/nofp\libgcc.a(_udivsi3.o)
                0x08000108                __aeabi_uidiv
                0x08000108                __udivsi3
                0x08000214                __aeabi_uidivmod
 .text          0x0800021c      0x1d4 C:/STM_PROGRAMS/ST_CUBE_IDE/STM32CubeIDE_1.19.0/STM32CubeIDE/plugins/com.st.stm32cube.ide.mcu.externaltools.gnu-tools-for-stm32.13.3.rel1.win32_1.0.0.202411081344/tools/bin/../lib/gcc/arm-none-eabi/13.3.1/thumb/v6-m/nofp\libgcc.a(_divsi3.o)
                0x0800021c                __divsi3
                0x0800021c                __aeabi_idiv
                0x080003e8                __aeabi_idivmod
 .text          0x080003f0        0x4 C:/STM_PROGRAMS/ST_CUBE_IDE/STM32CubeIDE_1.19.0/STM32CubeIDE/plugins/com.st.stm32cube.ide.mcu.externaltools.gnu-tools-for-stm32.13.3.rel1.win32_1.0.0.202411081344/tools/bin/../lib/gcc/arm-none-eabi/13.3.1/thumb/v6-m/nofp\libgcc.a(_dvmd_tls.o)
                0x080003f0                __aeabi_idiv0
                0x080003f0                __aeabi_ldiv0
 .text          0x080003f4       0x40 C:/STM_PROGRAMS/ST_CUBE_IDE/STM32CubeIDE_1.19.0/STM32CubeIDE/plugins/com.st.stm32cube.ide.mcu.externaltools.gnu-tools-for-stm32.13.3.rel1.win32_1.0.0.202411081344/tools/bin/../lib/gcc/arm-none-eabi/13.3.1/thumb/v6-m/nofp\libgcc.a(_aeabi_uldivmod.o)
                0x080003f4                __aeabi_uldivmod
 .text          0x08000434      0x198 C:/STM_PROGRAMS/ST_CUBE_IDE/STM32CubeIDE_1.19.0/STM32CubeIDE/plugins/com.st.stm32cube.ide.mcu.externaltools.gnu-tools-for-stm32.13.3.rel1.win32_1.0.0.202411081344/tools/bin/../lib/gcc/arm-none-eabi/13.3.1/thumb/v6-m/nofp\libgcc.a(_udivmoddi4.o)
                0x08000434                __udivmoddi4
 .text          0x080005cc       0x18 C:/STM_PROGRAMS/ST_CUBE_IDE/STM32CubeIDE_1.19.0/STM32CubeIDE/plugins/com.st.stm32cube.ide.mcu.externaltools.gnu-tools-for-stm32.13.3.rel1.win32_1.0.0.202411081344/tools/bin/../lib/gcc/arm-none-eabi/13.3.1/thumb/v6-m/nofp\libgcc.a(_clzdi2.o)
                0x080005cc                __clzdi2
 .text          0x080005e4       0x3c C:/STM_PROGRAMS/ST_CUBE_IDE/STM32CubeIDE_1.19.0/STM32CubeIDE/plugins/com.st.stm32cube.ide.mcu.externaltools.gnu-tools-for-stm32.13.3.rel1.win32_1.0.0.202411081344/tools/bin/../lib/gcc/arm-none-eabi/13.3.1/thumb/v6-m/nofp\libgcc.a(_clzsi2.o)
                0x080005e4                __clzsi2
 *(.text*)
 .text.MX_FLASH_Init
                0x08000620       0x72 ./Core/Src/flash.o
                0x08000620                MX_FLASH_Init
 *fill*         0x08000692        0x2 
 .text.MX_GPIO_Init
                0x08000694       0x44 ./Core/Src/gpio.o
                0x08000694                MX_GPIO_Init
 .text.MX_I2C2_Init
                0x080006d8       0x80 ./Core/Src/i2c.o
                0x080006d8                MX_I2C2_Init
 .text.HAL_I2C_MspInit
                0x08000758       0x98 ./Core/Src/i2c.o
                0x08000758                HAL_I2C_MspInit
 .text.main     0x080007f0       0x50 ./Core/Src/main.o
                0x080007f0                main
 .text.SystemClock_Config
                0x08000840       0x9e ./Core/Src/main.o
                0x08000840                SystemClock_Config
 .text.Error_Handler
                0x080008de        0xc ./Core/Src/main.o
                0x080008de                Error_Handler
 *fill*         0x080008ea        0x2 
 .text.HAL_MspInit
                0x080008ec       0x48 ./Core/Src/stm32u0xx_hal_msp.o
                0x080008ec                HAL_MspInit
 .text.NMI_Handler
                0x08000934        0x8 ./Core/Src/stm32u0xx_it.o
                0x08000934                NMI_Handler
 .text.HardFault_Handler
                0x0800093c        0x8 ./Core/Src/stm32u0xx_it.o
                0x0800093c                HardFault_Handler
 .text.SVC_Handler
                0x08000944        0xa ./Core/Src/stm32u0xx_it.o
                0x08000944                SVC_Handler
 .text.PendSV_Handler
                0x0800094e        0xa ./Core/Src/stm32u0xx_it.o
                0x0800094e                PendSV_Handler
 .text.SysTick_Handler
                0x08000958        0xe ./Core/Src/stm32u0xx_it.o
                0x08000958                SysTick_Handler
 *fill*         0x08000966        0x2 
 .text.SystemInit
                0x08000968       0x58 ./Core/Src/system_stm32u0xx.o
                0x08000968                SystemInit
 .text.MX_USART1_UART_Init
                0x080009c0       0x9c ./Core/Src/usart.o
                0x080009c0                MX_USART1_UART_Init
 .text.MX_USART2_UART_Init
                0x08000a5c       0x9c ./Core/Src/usart.o
                0x08000a5c                MX_USART2_UART_Init
 .text.HAL_UART_MspInit
                0x08000af8      0x154 ./Core/Src/usart.o
                0x08000af8                HAL_UART_MspInit
 .text.MX_USB_PCD_Init
                0x08000c4c       0x54 ./Core/Src/usb.o
                0x08000c4c                MX_USB_PCD_Init
 .text.HAL_PCD_MspInit
                0x08000ca0       0x70 ./Core/Src/usb.o
                0x08000ca0                HAL_PCD_MspInit
 .text.Reset_Handler
                0x08000d10       0x50 ./Core/Startup/startup_stm32u083cctx.o
                0x08000d10                Reset_Handler
 .text.Default_Handler
                0x08000d60        0x2 ./Core/Startup/startup_stm32u083cctx.o
                0x08000d60                WWDG_IWDG_IRQHandler
                0x08000d60                DMA1_Ch4_7_DMA2_Ch1_5_DMAMUX_OVR_IRQHandler
                0x08000d60                TIM1_CC_IRQHandler
                0x08000d60                TSC_IRQHandler
                0x08000d60                USB_DRD_FS_IRQHandler
                0x08000d60                I2C1_IRQHandler
                0x08000d60                TIM7_LPTIM2_IRQHandler
                0x08000d60                RCC_CRS_IRQHandler
                0x08000d60                RTC_TAMP_IRQHandler
                0x08000d60                I2C2_3_4_IRQHandler
                0x08000d60                SPI1_IRQHandler
                0x08000d60                EXTI2_3_IRQHandler
                0x08000d60                USART2_LPUART2_IRQHandler
                0x08000d60                LCD_IRQHandler
                0x08000d60                TIM16_IRQHandler
                0x08000d60                TIM3_IRQHandler
                0x08000d60                EXTI4_15_IRQHandler
                0x08000d60                DMA1_Channel1_IRQHandler
                0x08000d60                Default_Handler
                0x08000d60                TIM15_LPTIM3_IRQHandler
                0x08000d60                EXTI0_1_IRQHandler
                0x08000d60                SPI2_3_IRQHandler
                0x08000d60                ADC_COMP1_2_IRQHandler
                0x08000d60                PVD_PVM_IRQHandler
                0x08000d60                TIM6_DAC_LPTIM1_IRQHandler
                0x08000d60                TIM2_IRQHandler
                0x08000d60                DMA1_Channel2_3_IRQHandler
                0x08000d60                USART4_LPUART3_IRQHandler
                0x08000d60                FLASH_ECC_IRQHandler
                0x08000d60                USART3_LPUART1_IRQHandler
                0x08000d60                USART1_IRQHandler
                0x08000d60                TIM1_BRK_UP_TRG_COM_IRQHandler
                0x08000d60                RNG_CRYP_IRQHandler
 .text.HAL_Init
                0x08000d62       0x2e ./Drivers/STM32U0xx_HAL_Driver/Src/stm32u0xx_hal.o
                0x08000d62                HAL_Init
 .text.HAL_InitTick
                0x08000d90       0x94 ./Drivers/STM32U0xx_HAL_Driver/Src/stm32u0xx_hal.o
                0x08000d90                HAL_InitTick
 .text.HAL_IncTick
                0x08000e24       0x24 ./Drivers/STM32U0xx_HAL_Driver/Src/stm32u0xx_hal.o
                0x08000e24                HAL_IncTick
 .text.HAL_GetTick
                0x08000e48       0x14 ./Drivers/STM32U0xx_HAL_Driver/Src/stm32u0xx_hal.o
                0x08000e48                HAL_GetTick
 .text.__NVIC_SetPriority
                0x08000e5c       0xdc ./Drivers/STM32U0xx_HAL_Driver/Src/stm32u0xx_hal_cortex.o
 .text.SysTick_Config
                0x08000f38       0x48 ./Drivers/STM32U0xx_HAL_Driver/Src/stm32u0xx_hal_cortex.o
 .text.HAL_NVIC_SetPriority
                0x08000f80       0x2a ./Drivers/STM32U0xx_HAL_Driver/Src/stm32u0xx_hal_cortex.o
                0x08000f80                HAL_NVIC_SetPriority
 .text.HAL_SYSTICK_Config
                0x08000faa       0x1a ./Drivers/STM32U0xx_HAL_Driver/Src/stm32u0xx_hal_cortex.o
                0x08000faa                HAL_SYSTICK_Config
 .text.HAL_FLASH_Unlock
                0x08000fc4       0x48 ./Drivers/STM32U0xx_HAL_Driver/Src/stm32u0xx_hal_flash.o
                0x08000fc4                HAL_FLASH_Unlock
 .text.HAL_FLASH_Lock
                0x0800100c       0x38 ./Drivers/STM32U0xx_HAL_Driver/Src/stm32u0xx_hal_flash.o
                0x0800100c                HAL_FLASH_Lock
 .text.HAL_FLASH_OB_Unlock
                0x08001044       0x50 ./Drivers/STM32U0xx_HAL_Driver/Src/stm32u0xx_hal_flash.o
                0x08001044                HAL_FLASH_OB_Unlock
 .text.HAL_FLASH_OB_Lock
                0x08001094       0x3c ./Drivers/STM32U0xx_HAL_Driver/Src/stm32u0xx_hal_flash.o
                0x08001094                HAL_FLASH_OB_Lock
 .text.FLASH_WaitForLastOperation
                0x080010d0       0x9c ./Drivers/STM32U0xx_HAL_Driver/Src/stm32u0xx_hal_flash.o
                0x080010d0                FLASH_WaitForLastOperation
 .text.HAL_FLASHEx_OBProgram
                0x0800116c      0x148 ./Drivers/STM32U0xx_HAL_Driver/Src/stm32u0xx_hal_flash_ex.o
                0x0800116c                HAL_FLASHEx_OBProgram
 .text.FLASH_OB_WRPConfig
                0x080012b4       0x38 ./Drivers/STM32U0xx_HAL_Driver/Src/stm32u0xx_hal_flash_ex.o
 .text.FLASH_OB_OptrConfig
                0x080012ec       0x3c ./Drivers/STM32U0xx_HAL_Driver/Src/stm32u0xx_hal_flash_ex.o
 .text.FLASH_OB_GetRDP
                0x08001328       0x30 ./Drivers/STM32U0xx_HAL_Driver/Src/stm32u0xx_hal_flash_ex.o
 .text.FLASH_OB_GetUser
                0x08001358       0x24 ./Drivers/STM32U0xx_HAL_Driver/Src/stm32u0xx_hal_flash_ex.o
 .text.FLASH_OB_HDPConfig
                0x0800137c       0x40 ./Drivers/STM32U0xx_HAL_Driver/Src/stm32u0xx_hal_flash_ex.o
 .text.FLASH_OB_RDPKeyConfig
                0x080013bc       0x68 ./Drivers/STM32U0xx_HAL_Driver/Src/stm32u0xx_hal_flash_ex.o
 .text.HAL_GPIO_Init
                0x08001424      0x2e8 ./Drivers/STM32U0xx_HAL_Driver/Src/stm32u0xx_hal_gpio.o
                0x08001424                HAL_GPIO_Init
 .text.HAL_I2C_Init
                0x0800170c      0x14c ./Drivers/STM32U0xx_HAL_Driver/Src/stm32u0xx_hal_i2c.o
                0x0800170c                HAL_I2C_Init
 .text.HAL_I2CEx_ConfigAnalogFilter
                0x08001858       0x98 ./Drivers/STM32U0xx_HAL_Driver/Src/stm32u0xx_hal_i2c_ex.o
                0x08001858                HAL_I2CEx_ConfigAnalogFilter
 .text.HAL_I2CEx_ConfigDigitalFilter
                0x080018f0       0x98 ./Drivers/STM32U0xx_HAL_Driver/Src/stm32u0xx_hal_i2c_ex.o
                0x080018f0                HAL_I2CEx_ConfigDigitalFilter
 .text.HAL_PCD_Init
                0x08001988      0x1e8 ./Drivers/STM32U0xx_HAL_Driver/Src/stm32u0xx_hal_pcd.o
                0x08001988                HAL_PCD_Init
 .text.HAL_PCDEx_ActivateLPM
                0x08001b70       0x44 ./Drivers/STM32U0xx_HAL_Driver/Src/stm32u0xx_hal_pcd_ex.o
                0x08001b70                HAL_PCDEx_ActivateLPM
 .text.HAL_PWREx_ControlVoltageScaling
                0x08001bb4       0xc0 ./Drivers/STM32U0xx_HAL_Driver/Src/stm32u0xx_hal_pwr_ex.o
                0x08001bb4                HAL_PWREx_ControlVoltageScaling
 .text.HAL_PWREx_GetVoltageRange
                0x08001c74       0x18 ./Drivers/STM32U0xx_HAL_Driver/Src/stm32u0xx_hal_pwr_ex.o
                0x08001c74                HAL_PWREx_GetVoltageRange
 .text.HAL_RCC_OscConfig
                0x08001c8c      0x854 ./Drivers/STM32U0xx_HAL_Driver/Src/stm32u0xx_hal_rcc.o
                0x08001c8c                HAL_RCC_OscConfig
 .text.HAL_RCC_ClockConfig
                0x080024e0      0x1d8 ./Drivers/STM32U0xx_HAL_Driver/Src/stm32u0xx_hal_rcc.o
                0x080024e0                HAL_RCC_ClockConfig
 .text.HAL_RCC_GetSysClockFreq
                0x080026b8      0x138 ./Drivers/STM32U0xx_HAL_Driver/Src/stm32u0xx_hal_rcc.o
                0x080026b8                HAL_RCC_GetSysClockFreq
 .text.HAL_RCC_GetHCLKFreq
                0x080027f0       0x14 ./Drivers/STM32U0xx_HAL_Driver/Src/stm32u0xx_hal_rcc.o
                0x080027f0                HAL_RCC_GetHCLKFreq
 .text.HAL_RCC_GetPCLK1Freq
                0x08002804       0x30 ./Drivers/STM32U0xx_HAL_Driver/Src/stm32u0xx_hal_rcc.o
                0x08002804                HAL_RCC_GetPCLK1Freq
 .text.RCC_SetFlashLatencyFromMSIRange
                0x08002834       0xd8 ./Drivers/STM32U0xx_HAL_Driver/Src/stm32u0xx_hal_rcc.o
 .text.HAL_RCCEx_PeriphCLKConfig
                0x0800290c      0x44c ./Drivers/STM32U0xx_HAL_Driver/Src/stm32u0xx_hal_rcc_ex.o
                0x0800290c                HAL_RCCEx_PeriphCLKConfig
 .text.HAL_RCCEx_GetPeriphCLKFreq
                0x08002d58      0xa98 ./Drivers/STM32U0xx_HAL_Driver/Src/stm32u0xx_hal_rcc_ex.o
                0x08002d58                HAL_RCCEx_GetPeriphCLKFreq
 .text.HAL_RCCEx_GetPLLClockFreq
                0x080037f0      0x17c ./Drivers/STM32U0xx_HAL_Driver/Src/stm32u0xx_hal_rcc_ex.o
                0x080037f0                HAL_RCCEx_GetPLLClockFreq
 .text.HAL_UART_Init
                0x0800396c       0xac ./Drivers/STM32U0xx_HAL_Driver/Src/stm32u0xx_hal_uart.o
                0x0800396c                HAL_UART_Init
 .text.HAL_UART_Transmit
                0x08003a18      0x148 ./Drivers/STM32U0xx_HAL_Driver/Src/stm32u0xx_hal_uart.o
                0x08003a18                HAL_UART_Transmit
 .text.HAL_UART_Receive
                0x08003b60      0x1cc ./Drivers/STM32U0xx_HAL_Driver/Src/stm32u0xx_hal_uart.o
                0x08003b60                HAL_UART_Receive
 .text.UART_SetConfig
                0x08003d2c      0x3a4 ./Drivers/STM32U0xx_HAL_Driver/Src/stm32u0xx_hal_uart.o
                0x08003d2c                UART_SetConfig
 .text.UART_AdvFeatureConfig
                0x080040d0      0x168 ./Drivers/STM32U0xx_HAL_Driver/Src/stm32u0xx_hal_uart.o
                0x080040d0                UART_AdvFeatureConfig
 .text.UART_CheckIdleState
                0x08004238      0x154 ./Drivers/STM32U0xx_HAL_Driver/Src/stm32u0xx_hal_uart.o
                0x08004238                UART_CheckIdleState
 .text.UART_WaitOnFlagUntilTimeout
                0x0800438c       0xde ./Drivers/STM32U0xx_HAL_Driver/Src/stm32u0xx_hal_uart.o
                0x0800438c                UART_WaitOnFlagUntilTimeout
 *fill*         0x0800446a        0x2 
 .text.UART_EndRxTransfer
                0x0800446c       0xcc ./Drivers/STM32U0xx_HAL_Driver/Src/stm32u0xx_hal_uart.o
 .text.HAL_UARTEx_DisableFifoMode
                0x08004538       0x74 ./Drivers/STM32U0xx_HAL_Driver/Src/stm32u0xx_hal_uart_ex.o
                0x08004538                HAL_UARTEx_DisableFifoMode
 .text.HAL_UARTEx_SetTxFifoThreshold
                0x080045ac       0x7e ./Drivers/STM32U0xx_HAL_Driver/Src/stm32u0xx_hal_uart_ex.o
                0x080045ac                HAL_UARTEx_SetTxFifoThreshold
 *fill*         0x0800462a        0x2 
 .text.HAL_UARTEx_SetRxFifoThreshold
                0x0800462c       0x84 ./Drivers/STM32U0xx_HAL_Driver/Src/stm32u0xx_hal_uart_ex.o
                0x0800462c                HAL_UARTEx_SetRxFifoThreshold
 .text.UARTEx_SetNbDataToProcess
                0x080046b0       0xbc ./Drivers/STM32U0xx_HAL_Driver/Src/stm32u0xx_hal_uart_ex.o
 .text.USB_DisableGlobalInt
                0x0800476c       0x28 ./Drivers/STM32U0xx_HAL_Driver/Src/stm32u0xx_ll_usb.o
                0x0800476c                USB_DisableGlobalInt
 .text.USB_SetCurrentMode
                0x08004794       0x30 ./Drivers/STM32U0xx_HAL_Driver/Src/stm32u0xx_ll_usb.o
                0x08004794                USB_SetCurrentMode
 .text.USB_DevInit
                0x080047c4       0x46 ./Drivers/STM32U0xx_HAL_Driver/Src/stm32u0xx_ll_usb.o
                0x080047c4                USB_DevInit
 .text.memset   0x0800480a       0x10 C:/STM_PROGRAMS/ST_CUBE_IDE/STM32CubeIDE_1.19.0/STM32CubeIDE/plugins/com.st.stm32cube.ide.mcu.externaltools.gnu-tools-for-stm32.13.3.rel1.win32_1.0.0.202411081344/tools/bin/../lib/gcc/arm-none-eabi/13.3.1/../../../../arm-none-eabi/lib/thumb/v6-m/nofp\libc_nano.a(libc_a-memset.o)
                0x0800480a                memset
 *fill*         0x0800481a        0x2 
 .text.__libc_init_array
                0x0800481c       0x48 C:/STM_PROGRAMS/ST_CUBE_IDE/STM32CubeIDE_1.19.0/STM32CubeIDE/plugins/com.st.stm32cube.ide.mcu.externaltools.gnu-tools-for-stm32.13.3.rel1.win32_1.0.0.202411081344/tools/bin/../lib/gcc/arm-none-eabi/13.3.1/../../../../arm-none-eabi/lib/thumb/v6-m/nofp\libc_nano.a(libc_a-init.o)
                0x0800481c                __libc_init_array
 *(.glue_7)
 .glue_7        0x08004864        0x0 linker stubs
 *(.glue_7t)
 .glue_7t       0x08004864        0x0 linker stubs
 *(.eh_frame)
 .eh_frame      0x08004864        0x0 C:/STM_PROGRAMS/ST_CUBE_IDE/STM32CubeIDE_1.19.0/STM32CubeIDE/plugins/com.st.stm32cube.ide.mcu.externaltools.gnu-tools-for-stm32.13.3.rel1.win32_1.0.0.202411081344/tools/bin/../lib/gcc/arm-none-eabi/13.3.1/thumb/v6-m/nofp/crtbegin.o
 *(.init)
 .init          0x08004864        0x4 C:/STM_PROGRAMS/ST_CUBE_IDE/STM32CubeIDE_1.19.0/STM32CubeIDE/plugins/com.st.stm32cube.ide.mcu.externaltools.gnu-tools-for-stm32.13.3.rel1.win32_1.0.0.202411081344/tools/bin/../lib/gcc/arm-none-eabi/13.3.1/thumb/v6-m/nofp/crti.o
                0x08004864                _init
 .init          0x08004868        0x8 C:/STM_PROGRAMS/ST_CUBE_IDE/STM32CubeIDE_1.19.0/STM32CubeIDE/plugins/com.st.stm32cube.ide.mcu.externaltools.gnu-tools-for-stm32.13.3.rel1.win32_1.0.0.202411081344/tools/bin/../lib/gcc/arm-none-eabi/13.3.1/thumb/v6-m/nofp/crtn.o
 *(.fini)
 .fini          0x08004870        0x4 C:/STM_PROGRAMS/ST_CUBE_IDE/STM32CubeIDE_1.19.0/STM32CubeIDE/plugins/com.st.stm32cube.ide.mcu.externaltools.gnu-tools-for-stm32.13.3.rel1.win32_1.0.0.202411081344/tools/bin/../lib/gcc/arm-none-eabi/13.3.1/thumb/v6-m/nofp/crti.o
                0x08004870                _fini
 .fini          0x08004874        0x8 C:/STM_PROGRAMS/ST_CUBE_IDE/STM32CubeIDE_1.19.0/STM32CubeIDE/plugins/com.st.stm32cube.ide.mcu.externaltools.gnu-tools-for-stm32.13.3.rel1.win32_1.0.0.202411081344/tools/bin/../lib/gcc/arm-none-eabi/13.3.1/thumb/v6-m/nofp/crtn.o
                0x0800487c                        . = ALIGN (0x4)
                0x0800487c                        _etext = .

.vfp11_veneer   0x0800487c        0x0
 .vfp11_veneer  0x0800487c        0x0 linker stubs

.v4_bx          0x0800487c        0x0
 .v4_bx         0x0800487c        0x0 linker stubs

.iplt           0x0800487c        0x0
 .iplt          0x0800487c        0x0 C:/STM_PROGRAMS/ST_CUBE_IDE/STM32CubeIDE_1.19.0/STM32CubeIDE/plugins/com.st.stm32cube.ide.mcu.externaltools.gnu-tools-for-stm32.13.3.rel1.win32_1.0.0.202411081344/tools/bin/../lib/gcc/arm-none-eabi/13.3.1/thumb/v6-m/nofp/crtbegin.o

.rodata         0x0800487c       0xf4
                0x0800487c                        . = ALIGN (0x4)
 *(.rodata)
 *(.rodata*)
 .rodata.AHBPrescTable
                0x0800487c       0x10 ./Core/Src/system_stm32u0xx.o
                0x0800487c                AHBPrescTable
 .rodata.APBPrescTable
                0x0800488c        0x8 ./Core/Src/system_stm32u0xx.o
                0x0800488c                APBPrescTable
 .rodata.MSIRangeTable
                0x08004894       0x30 ./Core/Src/system_stm32u0xx.o
                0x08004894                MSIRangeTable
 .rodata.HAL_RCCEx_GetPeriphCLKFreq
                0x080048c4       0x84 ./Drivers/STM32U0xx_HAL_Driver/Src/stm32u0xx_hal_rcc_ex.o
 .rodata.UARTPrescTable
                0x08004948       0x18 ./Drivers/STM32U0xx_HAL_Driver/Src/stm32u0xx_hal_uart.o
                0x08004948                UARTPrescTable
 .rodata.numerator.1
                0x08004960        0x8 ./Drivers/STM32U0xx_HAL_Driver/Src/stm32u0xx_hal_uart_ex.o
 .rodata.denominator.0
                0x08004968        0x8 ./Drivers/STM32U0xx_HAL_Driver/Src/stm32u0xx_hal_uart_ex.o
                0x08004970                        . = ALIGN (0x4)

.ARM.extab      0x08004970        0x0
                0x08004970                        . = ALIGN (0x4)
 *(.ARM.extab* .gnu.linkonce.armextab.*)
                0x08004970                        . = ALIGN (0x4)

.ARM            0x08004970        0x8
                0x08004970                        . = ALIGN (0x4)
                0x08004970                        __exidx_start = .
 *(.ARM.exidx*)
 .ARM.exidx     0x08004970        0x8 C:/STM_PROGRAMS/ST_CUBE_IDE/STM32CubeIDE_1.19.0/STM32CubeIDE/plugins/com.st.stm32cube.ide.mcu.externaltools.gnu-tools-for-stm32.13.3.rel1.win32_1.0.0.202411081344/tools/bin/../lib/gcc/arm-none-eabi/13.3.1/thumb/v6-m/nofp\libgcc.a(_udivmoddi4.o)
                0x08004978                        __exidx_end = .
                0x08004978                        . = ALIGN (0x4)

.preinit_array  0x08004978        0x0
                0x08004978                        . = ALIGN (0x4)
                0x08004978                        PROVIDE (__preinit_array_start = .)
 *(.preinit_array*)
                0x08004978                        PROVIDE (__preinit_array_end = .)
                0x08004978                        . = ALIGN (0x4)

.init_array     0x08004978        0x4
                0x08004978                        . = ALIGN (0x4)
                0x08004978                        PROVIDE (__init_array_start = .)
 *(SORT_BY_NAME(.init_array.*))
 *(.init_array*)
 .init_array    0x08004978        0x4 C:/STM_PROGRAMS/ST_CUBE_IDE/STM32CubeIDE_1.19.0/STM32CubeIDE/plugins/com.st.stm32cube.ide.mcu.externaltools.gnu-tools-for-stm32.13.3.rel1.win32_1.0.0.202411081344/tools/bin/../lib/gcc/arm-none-eabi/13.3.1/thumb/v6-m/nofp/crtbegin.o
                0x0800497c                        PROVIDE (__init_array_end = .)
                0x0800497c                        . = ALIGN (0x4)

.fini_array     0x0800497c        0x4
                0x0800497c                        . = ALIGN (0x4)
                [!provide]                        PROVIDE (__fini_array_start = .)
 *(SORT_BY_NAME(.fini_array.*))
 *(.fini_array*)
 .fini_array    0x0800497c        0x4 C:/STM_PROGRAMS/ST_CUBE_IDE/STM32CubeIDE_1.19.0/STM32CubeIDE/plugins/com.st.stm32cube.ide.mcu.externaltools.gnu-tools-for-stm32.13.3.rel1.win32_1.0.0.202411081344/tools/bin/../lib/gcc/arm-none-eabi/13.3.1/thumb/v6-m/nofp/crtbegin.o
                [!provide]                        PROVIDE (__fini_array_end = .)
                0x08004980                        . = ALIGN (0x4)
                0x08004980                        _sidata = LOADADDR (.data)

.rel.dyn        0x08004980        0x0
 .rel.iplt      0x08004980        0x0 C:/STM_PROGRAMS/ST_CUBE_IDE/STM32CubeIDE_1.19.0/STM32CubeIDE/plugins/com.st.stm32cube.ide.mcu.externaltools.gnu-tools-for-stm32.13.3.rel1.win32_1.0.0.202411081344/tools/bin/../lib/gcc/arm-none-eabi/13.3.1/thumb/v6-m/nofp/crtbegin.o

.data           0x20000000        0xc load address 0x08004980
                0x20000000                        . = ALIGN (0x4)
                0x20000000                        _sdata = .
 *(.data)
 *(.data*)
 .data.SystemCoreClock
                0x20000000        0x4 ./Core/Src/system_stm32u0xx.o
                0x20000000                SystemCoreClock
 .data.uwTickPrio
                0x20000004        0x4 ./Drivers/STM32U0xx_HAL_Driver/Src/stm32u0xx_hal.o
                0x20000004                uwTickPrio
 .data.uwTickFreq
                0x20000008        0x1 ./Drivers/STM32U0xx_HAL_Driver/Src/stm32u0xx_hal.o
                0x20000008                uwTickFreq
 *(.RamFunc)
 *(.RamFunc*)
                0x2000000c                        . = ALIGN (0x4)
 *fill*         0x20000009        0x3 
                0x2000000c                        _edata = .

.igot.plt       0x2000000c        0x0 load address 0x0800498c
 .igot.plt      0x2000000c        0x0 C:/STM_PROGRAMS/ST_CUBE_IDE/STM32CubeIDE_1.19.0/STM32CubeIDE/plugins/com.st.stm32cube.ide.mcu.externaltools.gnu-tools-for-stm32.13.3.rel1.win32_1.0.0.202411081344/tools/bin/../lib/gcc/arm-none-eabi/13.3.1/thumb/v6-m/nofp/crtbegin.o
                0x2000000c                        . = ALIGN (0x4)

.bss            0x2000000c      0x494 load address 0x0800498c
                0x2000000c                        _sbss = .
                0x2000000c                        __bss_start__ = _sbss
 *(.bss)
 .bss           0x2000000c       0x1c C:/STM_PROGRAMS/ST_CUBE_IDE/STM32CubeIDE_1.19.0/STM32CubeIDE/plugins/com.st.stm32cube.ide.mcu.externaltools.gnu-tools-for-stm32.13.3.rel1.win32_1.0.0.202411081344/tools/bin/../lib/gcc/arm-none-eabi/13.3.1/thumb/v6-m/nofp/crtbegin.o
 *(.bss*)
 .bss.hi2c2     0x20000028       0x54 ./Core/Src/i2c.o
                0x20000028                hi2c2
 .bss.huart1    0x2000007c       0x94 ./Core/Src/usart.o
                0x2000007c                huart1
 .bss.huart2    0x20000110       0x94 ./Core/Src/usart.o
                0x20000110                huart2
 .bss.hpcd_USB_DRD_FS
                0x200001a4      0x2dc ./Core/Src/usb.o
                0x200001a4                hpcd_USB_DRD_FS
 .bss.uwTick    0x20000480        0x4 ./Drivers/STM32U0xx_HAL_Driver/Src/stm32u0xx_hal.o
                0x20000480                uwTick
 .bss.pFlash    0x20000484       0x1c ./Drivers/STM32U0xx_HAL_Driver/Src/stm32u0xx_hal_flash.o
                0x20000484                pFlash
 *(COMMON)
                0x200004a0                        . = ALIGN (0x4)
                0x200004a0                        _ebss = .
                0x200004a0                        __bss_end__ = _ebss

._user_heap_stack
                0x200004a0      0x600 load address 0x0800498c
                0x200004a0                        . = ALIGN (0x8)
                [!provide]                        PROVIDE (end = .)
                0x200004a0                        PROVIDE (_end = .)
                0x200006a0                        . = (. + _Min_Heap_Size)
 *fill*         0x200004a0      0x200 
                0x20000aa0                        . = (. + _Min_Stack_Size)
 *fill*         0x200006a0      0x400 
                0x20000aa0                        . = ALIGN (0x8)

/DISCARD/
 libc.a(*)
 libm.a(*)
 libgcc.a(*)

.ARM.attributes
                0x00000000       0x28
 *(.ARM.attributes)
 .ARM.attributes
                0x00000000       0x1e C:/STM_PROGRAMS/ST_CUBE_IDE/STM32CubeIDE_1.19.0/STM32CubeIDE/plugins/com.st.stm32cube.ide.mcu.externaltools.gnu-tools-for-stm32.13.3.rel1.win32_1.0.0.202411081344/tools/bin/../lib/gcc/arm-none-eabi/13.3.1/thumb/v6-m/nofp/crti.o
 .ARM.attributes
                0x0000001e       0x2c C:/STM_PROGRAMS/ST_CUBE_IDE/STM32CubeIDE_1.19.0/STM32CubeIDE/plugins/com.st.stm32cube.ide.mcu.externaltools.gnu-tools-for-stm32.13.3.rel1.win32_1.0.0.202411081344/tools/bin/../lib/gcc/arm-none-eabi/13.3.1/thumb/v6-m/nofp/crtbegin.o
 .ARM.attributes
                0x0000004a       0x2c ./Core/Src/flash.o
 .ARM.attributes
                0x00000076       0x2c ./Core/Src/gpio.o
 .ARM.attributes
                0x000000a2       0x2c ./Core/Src/i2c.o
 .ARM.attributes
                0x000000ce       0x2c ./Core/Src/main.o
 .ARM.attributes
                0x000000fa       0x2c ./Core/Src/stm32u0xx_hal_msp.o
 .ARM.attributes
                0x00000126       0x2c ./Core/Src/stm32u0xx_it.o
 .ARM.attributes
                0x00000152       0x2c ./Core/Src/system_stm32u0xx.o
 .ARM.attributes
                0x0000017e       0x2c ./Core/Src/usart.o
 .ARM.attributes
                0x000001aa       0x2c ./Core/Src/usb.o
 .ARM.attributes
                0x000001d6       0x22 ./Core/Startup/startup_stm32u083cctx.o
 .ARM.attributes
                0x000001f8       0x2c ./Drivers/STM32U0xx_HAL_Driver/Src/stm32u0xx_hal.o
 .ARM.attributes
                0x00000224       0x2c ./Drivers/STM32U0xx_HAL_Driver/Src/stm32u0xx_hal_cortex.o
 .ARM.attributes
                0x00000250       0x2c ./Drivers/STM32U0xx_HAL_Driver/Src/stm32u0xx_hal_flash.o
 .ARM.attributes
                0x0000027c       0x2c ./Drivers/STM32U0xx_HAL_Driver/Src/stm32u0xx_hal_flash_ex.o
 .ARM.attributes
                0x000002a8       0x2c ./Drivers/STM32U0xx_HAL_Driver/Src/stm32u0xx_hal_gpio.o
 .ARM.attributes
                0x000002d4       0x2c ./Drivers/STM32U0xx_HAL_Driver/Src/stm32u0xx_hal_i2c.o
 .ARM.attributes
                0x00000300       0x2c ./Drivers/STM32U0xx_HAL_Driver/Src/stm32u0xx_hal_i2c_ex.o
 .ARM.attributes
                0x0000032c       0x2c ./Drivers/STM32U0xx_HAL_Driver/Src/stm32u0xx_hal_pcd.o
 .ARM.attributes
                0x00000358       0x2c ./Drivers/STM32U0xx_HAL_Driver/Src/stm32u0xx_hal_pcd_ex.o
 .ARM.attributes
                0x00000384       0x2c ./Drivers/STM32U0xx_HAL_Driver/Src/stm32u0xx_hal_pwr_ex.o
 .ARM.attributes
                0x000003b0       0x2c ./Drivers/STM32U0xx_HAL_Driver/Src/stm32u0xx_hal_rcc.o
 .ARM.attributes
                0x000003dc       0x2c ./Drivers/STM32U0xx_HAL_Driver/Src/stm32u0xx_hal_rcc_ex.o
 .ARM.attributes
                0x00000408       0x2c ./Drivers/STM32U0xx_HAL_Driver/Src/stm32u0xx_hal_uart.o
 .ARM.attributes
                0x00000434       0x2c ./Drivers/STM32U0xx_HAL_Driver/Src/stm32u0xx_hal_uart_ex.o
 .ARM.attributes
                0x00000460       0x2c ./Drivers/STM32U0xx_HAL_Driver/Src/stm32u0xx_ll_usb.o
 .ARM.attributes
                0x0000048c       0x2c C:/STM_PROGRAMS/ST_CUBE_IDE/STM32CubeIDE_1.19.0/STM32CubeIDE/plugins/com.st.stm32cube.ide.mcu.externaltools.gnu-tools-for-stm32.13.3.rel1.win32_1.0.0.202411081344/tools/bin/../lib/gcc/arm-none-eabi/13.3.1/../../../../arm-none-eabi/lib/thumb/v6-m/nofp\libc_nano.a(libc_a-memset.o)
 .ARM.attributes
                0x000004b8       0x2c C:/STM_PROGRAMS/ST_CUBE_IDE/STM32CubeIDE_1.19.0/STM32CubeIDE/plugins/com.st.stm32cube.ide.mcu.externaltools.gnu-tools-for-stm32.13.3.rel1.win32_1.0.0.202411081344/tools/bin/../lib/gcc/arm-none-eabi/13.3.1/../../../../arm-none-eabi/lib/thumb/v6-m/nofp\libc_nano.a(libc_a-init.o)
 .ARM.attributes
                0x000004e4       0x1e C:/STM_PROGRAMS/ST_CUBE_IDE/STM32CubeIDE_1.19.0/STM32CubeIDE/plugins/com.st.stm32cube.ide.mcu.externaltools.gnu-tools-for-stm32.13.3.rel1.win32_1.0.0.202411081344/tools/bin/../lib/gcc/arm-none-eabi/13.3.1/thumb/v6-m/nofp\libgcc.a(_udivsi3.o)
 .ARM.attributes
                0x00000502       0x1e C:/STM_PROGRAMS/ST_CUBE_IDE/STM32CubeIDE_1.19.0/STM32CubeIDE/plugins/com.st.stm32cube.ide.mcu.externaltools.gnu-tools-for-stm32.13.3.rel1.win32_1.0.0.202411081344/tools/bin/../lib/gcc/arm-none-eabi/13.3.1/thumb/v6-m/nofp\libgcc.a(_divsi3.o)
 .ARM.attributes
                0x00000520       0x1e C:/STM_PROGRAMS/ST_CUBE_IDE/STM32CubeIDE_1.19.0/STM32CubeIDE/plugins/com.st.stm32cube.ide.mcu.externaltools.gnu-tools-for-stm32.13.3.rel1.win32_1.0.0.202411081344/tools/bin/../lib/gcc/arm-none-eabi/13.3.1/thumb/v6-m/nofp\libgcc.a(_dvmd_tls.o)
 .ARM.attributes
                0x0000053e       0x1e C:/STM_PROGRAMS/ST_CUBE_IDE/STM32CubeIDE_1.19.0/STM32CubeIDE/plugins/com.st.stm32cube.ide.mcu.externaltools.gnu-tools-for-stm32.13.3.rel1.win32_1.0.0.202411081344/tools/bin/../lib/gcc/arm-none-eabi/13.3.1/thumb/v6-m/nofp\libgcc.a(_aeabi_uldivmod.o)
 .ARM.attributes
                0x0000055c       0x2c C:/STM_PROGRAMS/ST_CUBE_IDE/STM32CubeIDE_1.19.0/STM32CubeIDE/plugins/com.st.stm32cube.ide.mcu.externaltools.gnu-tools-for-stm32.13.3.rel1.win32_1.0.0.202411081344/tools/bin/../lib/gcc/arm-none-eabi/13.3.1/thumb/v6-m/nofp\libgcc.a(_udivmoddi4.o)
 .ARM.attributes
                0x00000588       0x1e C:/STM_PROGRAMS/ST_CUBE_IDE/STM32CubeIDE_1.19.0/STM32CubeIDE/plugins/com.st.stm32cube.ide.mcu.externaltools.gnu-tools-for-stm32.13.3.rel1.win32_1.0.0.202411081344/tools/bin/../lib/gcc/arm-none-eabi/13.3.1/thumb/v6-m/nofp\libgcc.a(_clzdi2.o)
 .ARM.attributes
                0x000005a6       0x1e C:/STM_PROGRAMS/ST_CUBE_IDE/STM32CubeIDE_1.19.0/STM32CubeIDE/plugins/com.st.stm32cube.ide.mcu.externaltools.gnu-tools-for-stm32.13.3.rel1.win32_1.0.0.202411081344/tools/bin/../lib/gcc/arm-none-eabi/13.3.1/thumb/v6-m/nofp\libgcc.a(_clzsi2.o)
 .ARM.attributes
                0x000005c4       0x1e C:/STM_PROGRAMS/ST_CUBE_IDE/STM32CubeIDE_1.19.0/STM32CubeIDE/plugins/com.st.stm32cube.ide.mcu.externaltools.gnu-tools-for-stm32.13.3.rel1.win32_1.0.0.202411081344/tools/bin/../lib/gcc/arm-none-eabi/13.3.1/thumb/v6-m/nofp/crtn.o
OUTPUT(Projet_Trottinette.elf elf32-littlearm)
LOAD linker stubs
LOAD C:/STM_PROGRAMS/ST_CUBE_IDE/STM32CubeIDE_1.19.0/STM32CubeIDE/plugins/com.st.stm32cube.ide.mcu.externaltools.gnu-tools-for-stm32.13.3.rel1.win32_1.0.0.202411081344/tools/bin/../lib/gcc/arm-none-eabi/13.3.1/../../../../arm-none-eabi/lib/thumb/v6-m/nofp\libc.a
LOAD C:/STM_PROGRAMS/ST_CUBE_IDE/STM32CubeIDE_1.19.0/STM32CubeIDE/plugins/com.st.stm32cube.ide.mcu.externaltools.gnu-tools-for-stm32.13.3.rel1.win32_1.0.0.202411081344/tools/bin/../lib/gcc/arm-none-eabi/13.3.1/../../../../arm-none-eabi/lib/thumb/v6-m/nofp\libm.a
LOAD C:/STM_PROGRAMS/ST_CUBE_IDE/STM32CubeIDE_1.19.0/STM32CubeIDE/plugins/com.st.stm32cube.ide.mcu.externaltools.gnu-tools-for-stm32.13.3.rel1.win32_1.0.0.202411081344/tools/bin/../lib/gcc/arm-none-eabi/13.3.1/thumb/v6-m/nofp\libgcc.a

.debug_info     0x00000000    0x1390d
 .debug_info    0x00000000      0x235 ./Core/Src/flash.o
 .debug_info    0x00000235      0x2f9 ./Core/Src/gpio.o
 .debug_info    0x0000052e      0xb5e ./Core/Src/i2c.o
 .debug_info    0x0000108c      0xb99 ./Core/Src/main.o
 .debug_info    0x00001c25      0x2f9 ./Core/Src/stm32u0xx_hal_msp.o
 .debug_info    0x00001f1e      0x117 ./Core/Src/stm32u0xx_it.o
 .debug_info    0x00002035      0x67a ./Core/Src/system_stm32u0xx.o
 .debug_info    0x000026af      0xdd3 ./Core/Src/usart.o
 .debug_info    0x00003482      0x8ea ./Core/Src/usb.o
 .debug_info    0x00003d6c       0x30 ./Core/Startup/startup_stm32u083cctx.o
 .debug_info    0x00003d9c      0xab3 ./Drivers/STM32U0xx_HAL_Driver/Src/stm32u0xx_hal.o
 .debug_info    0x0000484f      0x8ef ./Drivers/STM32U0xx_HAL_Driver/Src/stm32u0xx_hal_cortex.o
 .debug_info    0x0000513e      0x6d2 ./Drivers/STM32U0xx_HAL_Driver/Src/stm32u0xx_hal_flash.o
 .debug_info    0x00005810      0x93a ./Drivers/STM32U0xx_HAL_Driver/Src/stm32u0xx_hal_flash_ex.o
 .debug_info    0x0000614a      0x590 ./Drivers/STM32U0xx_HAL_Driver/Src/stm32u0xx_hal_gpio.o
 .debug_info    0x000066da     0x21f1 ./Drivers/STM32U0xx_HAL_Driver/Src/stm32u0xx_hal_i2c.o
 .debug_info    0x000088cb      0x81b ./Drivers/STM32U0xx_HAL_Driver/Src/stm32u0xx_hal_i2c_ex.o
 .debug_info    0x000090e6     0x1459 ./Drivers/STM32U0xx_HAL_Driver/Src/stm32u0xx_hal_pcd.o
 .debug_info    0x0000a53f      0x7a6 ./Drivers/STM32U0xx_HAL_Driver/Src/stm32u0xx_hal_pcd_ex.o
 .debug_info    0x0000ace5      0x855 ./Drivers/STM32U0xx_HAL_Driver/Src/stm32u0xx_hal_pwr_ex.o
 .debug_info    0x0000b53a      0xc37 ./Drivers/STM32U0xx_HAL_Driver/Src/stm32u0xx_hal_rcc.o
 .debug_info    0x0000c171      0xe98 ./Drivers/STM32U0xx_HAL_Driver/Src/stm32u0xx_hal_rcc_ex.o
 .debug_info    0x0000d009     0x4737 ./Drivers/STM32U0xx_HAL_Driver/Src/stm32u0xx_hal_uart.o
 .debug_info    0x00011740      0xfec ./Drivers/STM32U0xx_HAL_Driver/Src/stm32u0xx_hal_uart_ex.o
 .debug_info    0x0001272c     0x11e1 ./Drivers/STM32U0xx_HAL_Driver/Src/stm32u0xx_ll_usb.o

.debug_abbrev   0x00000000     0x32f4
 .debug_abbrev  0x00000000      0x10d ./Core/Src/flash.o
 .debug_abbrev  0x0000010d       0xdd ./Core/Src/gpio.o
 .debug_abbrev  0x000001ea      0x219 ./Core/Src/i2c.o
 .debug_abbrev  0x00000403      0x22e ./Core/Src/main.o
 .debug_abbrev  0x00000631       0xdd ./Core/Src/stm32u0xx_hal_msp.o
 .debug_abbrev  0x0000070e       0xac ./Core/Src/stm32u0xx_it.o
 .debug_abbrev  0x000007ba      0x117 ./Core/Src/system_stm32u0xx.o
 .debug_abbrev  0x000008d1      0x212 ./Core/Src/usart.o
 .debug_abbrev  0x00000ae3      0x20b ./Core/Src/usb.o
 .debug_abbrev  0x00000cee       0x24 ./Core/Startup/startup_stm32u083cctx.o
 .debug_abbrev  0x00000d12      0x29d ./Drivers/STM32U0xx_HAL_Driver/Src/stm32u0xx_hal.o
 .debug_abbrev  0x00000faf      0x2ab ./Drivers/STM32U0xx_HAL_Driver/Src/stm32u0xx_hal_cortex.o
 .debug_abbrev  0x0000125a      0x2f8 ./Drivers/STM32U0xx_HAL_Driver/Src/stm32u0xx_hal_flash.o
 .debug_abbrev  0x00001552      0x28b ./Drivers/STM32U0xx_HAL_Driver/Src/stm32u0xx_hal_flash_ex.o
 .debug_abbrev  0x000017dd      0x1c8 ./Drivers/STM32U0xx_HAL_Driver/Src/stm32u0xx_hal_gpio.o
 .debug_abbrev  0x000019a5      0x282 ./Drivers/STM32U0xx_HAL_Driver/Src/stm32u0xx_hal_i2c.o
 .debug_abbrev  0x00001c27      0x1ae ./Drivers/STM32U0xx_HAL_Driver/Src/stm32u0xx_hal_i2c_ex.o
 .debug_abbrev  0x00001dd5      0x318 ./Drivers/STM32U0xx_HAL_Driver/Src/stm32u0xx_hal_pcd.o
 .debug_abbrev  0x000020ed      0x22e ./Drivers/STM32U0xx_HAL_Driver/Src/stm32u0xx_hal_pcd_ex.o
 .debug_abbrev  0x0000231b      0x212 ./Drivers/STM32U0xx_HAL_Driver/Src/stm32u0xx_hal_pwr_ex.o
 .debug_abbrev  0x0000252d      0x2d8 ./Drivers/STM32U0xx_HAL_Driver/Src/stm32u0xx_hal_rcc.o
 .debug_abbrev  0x00002805      0x28d ./Drivers/STM32U0xx_HAL_Driver/Src/stm32u0xx_hal_rcc_ex.o
 .debug_abbrev  0x00002a92      0x310 ./Drivers/STM32U0xx_HAL_Driver/Src/stm32u0xx_hal_uart.o
 .debug_abbrev  0x00002da2      0x2d3 ./Drivers/STM32U0xx_HAL_Driver/Src/stm32u0xx_hal_uart_ex.o
 .debug_abbrev  0x00003075      0x27f ./Drivers/STM32U0xx_HAL_Driver/Src/stm32u0xx_ll_usb.o

.debug_aranges  0x00000000     0x10b0
 .debug_aranges
                0x00000000       0x20 ./Core/Src/flash.o
 .debug_aranges
                0x00000020       0x20 ./Core/Src/gpio.o
 .debug_aranges
                0x00000040       0x30 ./Core/Src/i2c.o
 .debug_aranges
                0x00000070       0x38 ./Core/Src/main.o
 .debug_aranges
                0x000000a8       0x20 ./Core/Src/stm32u0xx_hal_msp.o
 .debug_aranges
                0x000000c8       0x40 ./Core/Src/stm32u0xx_it.o
 .debug_aranges
                0x00000108       0x28 ./Core/Src/system_stm32u0xx.o
 .debug_aranges
                0x00000130       0x38 ./Core/Src/usart.o
 .debug_aranges
                0x00000168       0x30 ./Core/Src/usb.o
 .debug_aranges
                0x00000198       0x28 ./Core/Startup/startup_stm32u083cctx.o
 .debug_aranges
                0x000001c0      0x158 ./Drivers/STM32U0xx_HAL_Driver/Src/stm32u0xx_hal.o
 .debug_aranges
                0x00000318       0xe8 ./Drivers/STM32U0xx_HAL_Driver/Src/stm32u0xx_hal_cortex.o
 .debug_aranges
                0x00000400       0x88 ./Drivers/STM32U0xx_HAL_Driver/Src/stm32u0xx_hal_flash.o
 .debug_aranges
                0x00000488       0xd8 ./Drivers/STM32U0xx_HAL_Driver/Src/stm32u0xx_hal_flash_ex.o
 .debug_aranges
                0x00000560       0x60 ./Drivers/STM32U0xx_HAL_Driver/Src/stm32u0xx_hal_gpio.o
 .debug_aranges
                0x000005c0      0x2a0 ./Drivers/STM32U0xx_HAL_Driver/Src/stm32u0xx_hal_i2c.o
 .debug_aranges
                0x00000860       0x40 ./Drivers/STM32U0xx_HAL_Driver/Src/stm32u0xx_hal_i2c_ex.o
 .debug_aranges
                0x000008a0      0x150 ./Drivers/STM32U0xx_HAL_Driver/Src/stm32u0xx_hal_pcd.o
 .debug_aranges
                0x000009f0       0x58 ./Drivers/STM32U0xx_HAL_Driver/Src/stm32u0xx_hal_pcd_ex.o
 .debug_aranges
                0x00000a48      0x130 ./Drivers/STM32U0xx_HAL_Driver/Src/stm32u0xx_hal_pwr_ex.o
 .debug_aranges
                0x00000b78       0x88 ./Drivers/STM32U0xx_HAL_Driver/Src/stm32u0xx_hal_rcc.o
 .debug_aranges
                0x00000c00       0xf0 ./Drivers/STM32U0xx_HAL_Driver/Src/stm32u0xx_hal_rcc_ex.o
 .debug_aranges
                0x00000cf0      0x248 ./Drivers/STM32U0xx_HAL_Driver/Src/stm32u0xx_hal_uart.o
 .debug_aranges
                0x00000f38       0xa8 ./Drivers/STM32U0xx_HAL_Driver/Src/stm32u0xx_hal_uart_ex.o
 .debug_aranges
                0x00000fe0       0xd0 ./Drivers/STM32U0xx_HAL_Driver/Src/stm32u0xx_ll_usb.o

.debug_rnglists
                0x00000000      0xcd4
 .debug_rnglists
                0x00000000       0x13 ./Core/Src/flash.o
 .debug_rnglists
                0x00000013       0x13 ./Core/Src/gpio.o
 .debug_rnglists
                0x00000026       0x21 ./Core/Src/i2c.o
 .debug_rnglists
                0x00000047       0x26 ./Core/Src/main.o
 .debug_rnglists
                0x0000006d       0x13 ./Core/Src/stm32u0xx_hal_msp.o
 .debug_rnglists
                0x00000080       0x2b ./Core/Src/stm32u0xx_it.o
 .debug_rnglists
                0x000000ab       0x1a ./Core/Src/system_stm32u0xx.o
 .debug_rnglists
                0x000000c5       0x28 ./Core/Src/usart.o
 .debug_rnglists
                0x000000ed       0x1f ./Core/Src/usb.o
 .debug_rnglists
                0x0000010c       0x19 ./Core/Startup/startup_stm32u083cctx.o
 .debug_rnglists
                0x00000125       0xfe ./Drivers/STM32U0xx_HAL_Driver/Src/stm32u0xx_hal.o
 .debug_rnglists
                0x00000223       0xaa ./Drivers/STM32U0xx_HAL_Driver/Src/stm32u0xx_hal_cortex.o
 .debug_rnglists
                0x000002cd       0x66 ./Drivers/STM32U0xx_HAL_Driver/Src/stm32u0xx_hal_flash.o
 .debug_rnglists
                0x00000333       0xa0 ./Drivers/STM32U0xx_HAL_Driver/Src/stm32u0xx_hal_flash_ex.o
 .debug_rnglists
                0x000003d3       0x45 ./Drivers/STM32U0xx_HAL_Driver/Src/stm32u0xx_hal_gpio.o
 .debug_rnglists
                0x00000418      0x229 ./Drivers/STM32U0xx_HAL_Driver/Src/stm32u0xx_hal_i2c.o
 .debug_rnglists
                0x00000641       0x30 ./Drivers/STM32U0xx_HAL_Driver/Src/stm32u0xx_hal_i2c_ex.o
 .debug_rnglists
                0x00000671      0x100 ./Drivers/STM32U0xx_HAL_Driver/Src/stm32u0xx_hal_pcd.o
 .debug_rnglists
                0x00000771       0x3f ./Drivers/STM32U0xx_HAL_Driver/Src/stm32u0xx_hal_pcd_ex.o
 .debug_rnglists
                0x000007b0       0xe6 ./Drivers/STM32U0xx_HAL_Driver/Src/stm32u0xx_hal_pwr_ex.o
 .debug_rnglists
                0x00000896       0x68 ./Drivers/STM32U0xx_HAL_Driver/Src/stm32u0xx_hal_rcc.o
 .debug_rnglists
                0x000008fe       0xba ./Drivers/STM32U0xx_HAL_Driver/Src/stm32u0xx_hal_rcc_ex.o
 .debug_rnglists
                0x000009b8      0x1fd ./Drivers/STM32U0xx_HAL_Driver/Src/stm32u0xx_hal_uart.o
 .debug_rnglists
                0x00000bb5       0x80 ./Drivers/STM32U0xx_HAL_Driver/Src/stm32u0xx_hal_uart_ex.o
 .debug_rnglists
                0x00000c35       0x9f ./Drivers/STM32U0xx_HAL_Driver/Src/stm32u0xx_ll_usb.o

.debug_macro    0x00000000    0x1cde9
 .debug_macro   0x00000000      0x213 ./Core/Src/flash.o
 .debug_macro   0x00000213      0xaae ./Core/Src/flash.o
 .debug_macro   0x00000cc1      0x11e ./Core/Src/flash.o
 .debug_macro   0x00000ddf       0x2e ./Core/Src/flash.o
 .debug_macro   0x00000e0d       0x28 ./Core/Src/flash.o
 .debug_macro   0x00000e35       0x22 ./Core/Src/flash.o
 .debug_macro   0x00000e57       0x8e ./Core/Src/flash.o
 .debug_macro   0x00000ee5       0x51 ./Core/Src/flash.o
 .debug_macro   0x00000f36      0x103 ./Core/Src/flash.o
 .debug_macro   0x00001039       0x6a ./Core/Src/flash.o
 .debug_macro   0x000010a3      0x1df ./Core/Src/flash.o
 .debug_macro   0x00001282       0x1c ./Core/Src/flash.o
 .debug_macro   0x0000129e       0x22 ./Core/Src/flash.o
 .debug_macro   0x000012c0       0xd1 ./Core/Src/flash.o
 .debug_macro   0x00001391      0x4da ./Core/Src/flash.o
 .debug_macro   0x0000186b      0x11f ./Core/Src/flash.o
 .debug_macro   0x0000198a     0xf876 ./Core/Src/flash.o
 .debug_macro   0x00011200       0x6c ./Core/Src/flash.o
 .debug_macro   0x0001126c     0x3463 ./Core/Src/flash.o
 .debug_macro   0x000146cf      0x190 ./Core/Src/flash.o
 .debug_macro   0x0001485f       0x5a ./Core/Src/flash.o
 .debug_macro   0x000148b9     0x13de ./Core/Src/flash.o
 .debug_macro   0x00015c97      0x55f ./Core/Src/flash.o
 .debug_macro   0x000161f6      0x1cf ./Core/Src/flash.o
 .debug_macro   0x000163c5      0x177 ./Core/Src/flash.o
 .debug_macro   0x0001653c      0x4fa ./Core/Src/flash.o
 .debug_macro   0x00016a36      0x280 ./Core/Src/flash.o
 .debug_macro   0x00016cb6      0x41e ./Core/Src/flash.o
 .debug_macro   0x000170d4      0x1b2 ./Core/Src/flash.o
 .debug_macro   0x00017286       0x43 ./Core/Src/flash.o
 .debug_macro   0x000172c9      0x1f1 ./Core/Src/flash.o
 .debug_macro   0x000174ba      0x1e3 ./Core/Src/flash.o
 .debug_macro   0x0001769d      0x359 ./Core/Src/flash.o
 .debug_macro   0x000179f6       0x2e ./Core/Src/flash.o
 .debug_macro   0x00017a24       0xe4 ./Core/Src/flash.o
 .debug_macro   0x00017b08      0x22c ./Core/Src/flash.o
 .debug_macro   0x00017d34       0x36 ./Core/Src/flash.o
 .debug_macro   0x00017d6a       0xa5 ./Core/Src/flash.o
 .debug_macro   0x00017e0f      0x128 ./Core/Src/flash.o
 .debug_macro   0x00017f37      0x3c8 ./Core/Src/flash.o
 .debug_macro   0x000182ff      0x693 ./Core/Src/flash.o
 .debug_macro   0x00018992       0xa6 ./Core/Src/flash.o
 .debug_macro   0x00018a38      0x1a7 ./Core/Src/flash.o
 .debug_macro   0x00018bdf      0x177 ./Core/Src/flash.o
 .debug_macro   0x00018d56      0x590 ./Core/Src/flash.o
 .debug_macro   0x000192e6      0x213 ./Core/Src/gpio.o
 .debug_macro   0x000194f9      0x213 ./Core/Src/i2c.o
 .debug_macro   0x0001970c      0x347 ./Core/Src/main.o
 .debug_macro   0x00019a53       0x61 ./Core/Src/main.o
 .debug_macro   0x00019ab4       0x24 ./Core/Src/main.o
 .debug_macro   0x00019ad8       0x43 ./Core/Src/main.o
 .debug_macro   0x00019b1b       0x34 ./Core/Src/main.o
 .debug_macro   0x00019b4f      0x370 ./Core/Src/main.o
 .debug_macro   0x00019ebf       0x16 ./Core/Src/main.o
 .debug_macro   0x00019ed5       0x4a ./Core/Src/main.o
 .debug_macro   0x00019f1f       0x34 ./Core/Src/main.o
 .debug_macro   0x00019f53       0x10 ./Core/Src/main.o
 .debug_macro   0x00019f63       0x58 ./Core/Src/main.o
 .debug_macro   0x00019fbb       0x8e ./Core/Src/main.o
 .debug_macro   0x0001a049       0x1c ./Core/Src/main.o
 .debug_macro   0x0001a065      0x185 ./Core/Src/main.o
 .debug_macro   0x0001a1ea       0x10 ./Core/Src/main.o
 .debug_macro   0x0001a1fa       0x3c ./Core/Src/main.o
 .debug_macro   0x0001a236       0x20 ./Core/Src/main.o
 .debug_macro   0x0001a256       0x1c ./Core/Src/main.o
 .debug_macro   0x0001a272       0x10 ./Core/Src/main.o
 .debug_macro   0x0001a282       0x1c ./Core/Src/main.o
 .debug_macro   0x0001a29e       0x16 ./Core/Src/main.o
 .debug_macro   0x0001a2b4      0x146 ./Core/Src/main.o
 .debug_macro   0x0001a3fa      0x209 ./Core/Src/stm32u0xx_hal_msp.o
 .debug_macro   0x0001a603      0x213 ./Core/Src/stm32u0xx_it.o
 .debug_macro   0x0001a816      0x20b ./Core/Src/system_stm32u0xx.o
 .debug_macro   0x0001aa21      0x213 ./Core/Src/usart.o
 .debug_macro   0x0001ac34      0x213 ./Core/Src/usb.o
 .debug_macro   0x0001ae47      0x223 ./Drivers/STM32U0xx_HAL_Driver/Src/stm32u0xx_hal.o
 .debug_macro   0x0001b06a      0x1ff ./Drivers/STM32U0xx_HAL_Driver/Src/stm32u0xx_hal_cortex.o
 .debug_macro   0x0001b269      0x1ff ./Drivers/STM32U0xx_HAL_Driver/Src/stm32u0xx_hal_flash.o
 .debug_macro   0x0001b468      0x1ff ./Drivers/STM32U0xx_HAL_Driver/Src/stm32u0xx_hal_flash_ex.o
 .debug_macro   0x0001b667      0x205 ./Drivers/STM32U0xx_HAL_Driver/Src/stm32u0xx_hal_gpio.o
 .debug_macro   0x0001b86c      0x2cb ./Drivers/STM32U0xx_HAL_Driver/Src/stm32u0xx_hal_i2c.o
 .debug_macro   0x0001bb37      0x1ff ./Drivers/STM32U0xx_HAL_Driver/Src/stm32u0xx_hal_i2c_ex.o
 .debug_macro   0x0001bd36      0x20b ./Drivers/STM32U0xx_HAL_Driver/Src/stm32u0xx_hal_pcd.o
 .debug_macro   0x0001bf41      0x1ff ./Drivers/STM32U0xx_HAL_Driver/Src/stm32u0xx_hal_pcd_ex.o
 .debug_macro   0x0001c140      0x22f ./Drivers/STM32U0xx_HAL_Driver/Src/stm32u0xx_hal_pwr_ex.o
 .debug_macro   0x0001c36f      0x235 ./Drivers/STM32U0xx_HAL_Driver/Src/stm32u0xx_hal_rcc.o
 .debug_macro   0x0001c5a4      0x211 ./Drivers/STM32U0xx_HAL_Driver/Src/stm32u0xx_hal_rcc_ex.o
 .debug_macro   0x0001c7b5      0x22a ./Drivers/STM32U0xx_HAL_Driver/Src/stm32u0xx_hal_uart.o
 .debug_macro   0x0001c9df      0x20b ./Drivers/STM32U0xx_HAL_Driver/Src/stm32u0xx_hal_uart_ex.o
 .debug_macro   0x0001cbea      0x1ff ./Drivers/STM32U0xx_HAL_Driver/Src/stm32u0xx_ll_usb.o

.debug_line     0x00000000    0x17ed3
 .debug_line    0x00000000      0x8bb ./Core/Src/flash.o
 .debug_line    0x000008bb      0x86e ./Core/Src/gpio.o
 .debug_line    0x00001129      0x8fa ./Core/Src/i2c.o
 .debug_line    0x00001a23      0xaf0 ./Core/Src/main.o
 .debug_line    0x00002513      0x871 ./Core/Src/stm32u0xx_hal_msp.o
 .debug_line    0x00002d84      0x8ce ./Core/Src/stm32u0xx_it.o
 .debug_line    0x00003652      0x94c ./Core/Src/system_stm32u0xx.o
 .debug_line    0x00003f9e      0x9d1 ./Core/Src/usart.o
 .debug_line    0x0000496f      0x8dc ./Core/Src/usb.o
 .debug_line    0x0000524b       0x7b ./Core/Startup/startup_stm32u083cctx.o
 .debug_line    0x000052c6      0xce0 ./Drivers/STM32U0xx_HAL_Driver/Src/stm32u0xx_hal.o
 .debug_line    0x00005fa6      0xcc3 ./Drivers/STM32U0xx_HAL_Driver/Src/stm32u0xx_hal_cortex.o
 .debug_line    0x00006c69      0xbb0 ./Drivers/STM32U0xx_HAL_Driver/Src/stm32u0xx_hal_flash.o
 .debug_line    0x00007819      0xd0b ./Drivers/STM32U0xx_HAL_Driver/Src/stm32u0xx_hal_flash_ex.o
 .debug_line    0x00008524      0xca1 ./Drivers/STM32U0xx_HAL_Driver/Src/stm32u0xx_hal_gpio.o
 .debug_line    0x000091c5     0x3739 ./Drivers/STM32U0xx_HAL_Driver/Src/stm32u0xx_hal_i2c.o
 .debug_line    0x0000c8fe      0x9fe ./Drivers/STM32U0xx_HAL_Driver/Src/stm32u0xx_hal_i2c_ex.o
 .debug_line    0x0000d2fc     0x14e1 ./Drivers/STM32U0xx_HAL_Driver/Src/stm32u0xx_hal_pcd.o
 .debug_line    0x0000e7dd      0xa0f ./Drivers/STM32U0xx_HAL_Driver/Src/stm32u0xx_hal_pcd_ex.o
 .debug_line    0x0000f1ec      0xdc3 ./Drivers/STM32U0xx_HAL_Driver/Src/stm32u0xx_hal_pwr_ex.o
 .debug_line    0x0000ffaf     0x11d8 ./Drivers/STM32U0xx_HAL_Driver/Src/stm32u0xx_hal_rcc.o
 .debug_line    0x00011187     0x14dd ./Drivers/STM32U0xx_HAL_Driver/Src/stm32u0xx_hal_rcc_ex.o
 .debug_line    0x00012664     0x387f ./Drivers/STM32U0xx_HAL_Driver/Src/stm32u0xx_hal_uart.o
 .debug_line    0x00015ee3      0xe51 ./Drivers/STM32U0xx_HAL_Driver/Src/stm32u0xx_hal_uart_ex.o
 .debug_line    0x00016d34     0x119f ./Drivers/STM32U0xx_HAL_Driver/Src/stm32u0xx_ll_usb.o

.debug_str      0x00000000    0xb2bdc
 .debug_str     0x00000000    0xb2bdc ./Core/Src/flash.o
                              0xaa054 (size before relaxing)
 .debug_str     0x000b2bdc    0xaa026 ./Core/Src/gpio.o
 .debug_str     0x000b2bdc    0xaa6da ./Core/Src/i2c.o
 .debug_str     0x000b2bdc    0xadf87 ./Core/Src/main.o
 .debug_str     0x000b2bdc    0xaa026 ./Core/Src/stm32u0xx_hal_msp.o
 .debug_str     0x000b2bdc    0xa9f3a ./Core/Src/stm32u0xx_it.o
 .debug_str     0x000b2bdc    0xaa18c ./Core/Src/system_stm32u0xx.o
 .debug_str     0x000b2bdc    0xaa8a0 ./Core/Src/usart.o
 .debug_str     0x000b2bdc    0xaa58d ./Core/Src/usb.o
 .debug_str     0x000b2bdc       0xbf ./Core/Startup/startup_stm32u083cctx.o
 .debug_str     0x000b2bdc    0xaa93f ./Drivers/STM32U0xx_HAL_Driver/Src/stm32u0xx_hal.o
 .debug_str     0x000b2bdc    0xaa528 ./Drivers/STM32U0xx_HAL_Driver/Src/stm32u0xx_hal_cortex.o
 .debug_str     0x000b2bdc    0xaa298 ./Drivers/STM32U0xx_HAL_Driver/Src/stm32u0xx_hal_flash.o
 .debug_str     0x000b2bdc    0xaa47e ./Drivers/STM32U0xx_HAL_Driver/Src/stm32u0xx_hal_flash_ex.o
 .debug_str     0x000b2bdc    0xaa143 ./Drivers/STM32U0xx_HAL_Driver/Src/stm32u0xx_hal_gpio.o
 .debug_str     0x000b2bdc    0xab3f4 ./Drivers/STM32U0xx_HAL_Driver/Src/stm32u0xx_hal_i2c.o
 .debug_str     0x000b2bdc    0xaa56b ./Drivers/STM32U0xx_HAL_Driver/Src/stm32u0xx_hal_i2c_ex.o
 .debug_str     0x000b2bdc    0xaa861 ./Drivers/STM32U0xx_HAL_Driver/Src/stm32u0xx_hal_pcd.o
 .debug_str     0x000b2bdc    0xaa458 ./Drivers/STM32U0xx_HAL_Driver/Src/stm32u0xx_hal_pcd_ex.o
 .debug_str     0x000b2bdc    0xaa5a8 ./Drivers/STM32U0xx_HAL_Driver/Src/stm32u0xx_hal_pwr_ex.o
 .debug_str     0x000b2bdc    0xaa85e ./Drivers/STM32U0xx_HAL_Driver/Src/stm32u0xx_hal_rcc.o
 .debug_str     0x000b2bdc    0xaa910 ./Drivers/STM32U0xx_HAL_Driver/Src/stm32u0xx_hal_rcc_ex.o
 .debug_str     0x000b2bdc    0xaae9e ./Drivers/STM32U0xx_HAL_Driver/Src/stm32u0xx_hal_uart.o
 .debug_str     0x000b2bdc    0xaa8b8 ./Drivers/STM32U0xx_HAL_Driver/Src/stm32u0xx_hal_uart_ex.o
 .debug_str     0x000b2bdc    0xaa3a9 ./Drivers/STM32U0xx_HAL_Driver/Src/stm32u0xx_ll_usb.o

.comment        0x00000000       0x43
 .comment       0x00000000       0x43 ./Core/Src/flash.o
                                 0x44 (size before relaxing)
 .comment       0x00000043       0x44 ./Core/Src/gpio.o
 .comment       0x00000043       0x44 ./Core/Src/i2c.o
 .comment       0x00000043       0x44 ./Core/Src/main.o
 .comment       0x00000043       0x44 ./Core/Src/stm32u0xx_hal_msp.o
 .comment       0x00000043       0x44 ./Core/Src/stm32u0xx_it.o
 .comment       0x00000043       0x44 ./Core/Src/system_stm32u0xx.o
 .comment       0x00000043       0x44 ./Core/Src/usart.o
 .comment       0x00000043       0x44 ./Core/Src/usb.o
 .comment       0x00000043       0x44 ./Drivers/STM32U0xx_HAL_Driver/Src/stm32u0xx_hal.o
 .comment       0x00000043       0x44 ./Drivers/STM32U0xx_HAL_Driver/Src/stm32u0xx_hal_cortex.o
 .comment       0x00000043       0x44 ./Drivers/STM32U0xx_HAL_Driver/Src/stm32u0xx_hal_flash.o
 .comment       0x00000043       0x44 ./Drivers/STM32U0xx_HAL_Driver/Src/stm32u0xx_hal_flash_ex.o
 .comment       0x00000043       0x44 ./Drivers/STM32U0xx_HAL_Driver/Src/stm32u0xx_hal_gpio.o
 .comment       0x00000043       0x44 ./Drivers/STM32U0xx_HAL_Driver/Src/stm32u0xx_hal_i2c.o
 .comment       0x00000043       0x44 ./Drivers/STM32U0xx_HAL_Driver/Src/stm32u0xx_hal_i2c_ex.o
 .comment       0x00000043       0x44 ./Drivers/STM32U0xx_HAL_Driver/Src/stm32u0xx_hal_pcd.o
 .comment       0x00000043       0x44 ./Drivers/STM32U0xx_HAL_Driver/Src/stm32u0xx_hal_pcd_ex.o
 .comment       0x00000043       0x44 ./Drivers/STM32U0xx_HAL_Driver/Src/stm32u0xx_hal_pwr_ex.o
 .comment       0x00000043       0x44 ./Drivers/STM32U0xx_HAL_Driver/Src/stm32u0xx_hal_rcc.o
 .comment       0x00000043       0x44 ./Drivers/STM32U0xx_HAL_Driver/Src/stm32u0xx_hal_rcc_ex.o
 .comment       0x00000043       0x44 ./Drivers/STM32U0xx_HAL_Driver/Src/stm32u0xx_hal_uart.o
 .comment       0x00000043       0x44 ./Drivers/STM32U0xx_HAL_Driver/Src/stm32u0xx_hal_uart_ex.o
 .comment       0x00000043       0x44 ./Drivers/STM32U0xx_HAL_Driver/Src/stm32u0xx_ll_usb.o

.debug_frame    0x00000000     0x3a90
 .debug_frame   0x00000000       0x30 ./Core/Src/flash.o
 .debug_frame   0x00000030       0x30 ./Core/Src/gpio.o
 .debug_frame   0x00000060       0x6c ./Core/Src/i2c.o
 .debug_frame   0x000000cc       0x8c ./Core/Src/main.o
 .debug_frame   0x00000158       0x30 ./Core/Src/stm32u0xx_hal_msp.o
 .debug_frame   0x00000188       0x9c ./Core/Src/stm32u0xx_it.o
 .debug_frame   0x00000224       0x50 ./Core/Src/system_stm32u0xx.o
 .debug_frame   0x00000274       0x88 ./Core/Src/usart.o
 .debug_frame   0x000002fc       0x6c ./Core/Src/usb.o
 .debug_frame   0x00000368      0x4a8 ./Drivers/STM32U0xx_HAL_Driver/Src/stm32u0xx_hal.o
 .debug_frame   0x00000810      0x33c ./Drivers/STM32U0xx_HAL_Driver/Src/stm32u0xx_hal_cortex.o
 .debug_frame   0x00000b4c      0x1d4 ./Drivers/STM32U0xx_HAL_Driver/Src/stm32u0xx_hal_flash.o
 .debug_frame   0x00000d20      0x304 ./Drivers/STM32U0xx_HAL_Driver/Src/stm32u0xx_hal_flash_ex.o
 .debug_frame   0x00001024      0x130 ./Drivers/STM32U0xx_HAL_Driver/Src/stm32u0xx_hal_gpio.o
 .debug_frame   0x00001154      0xa68 ./Drivers/STM32U0xx_HAL_Driver/Src/stm32u0xx_hal_i2c.o
 .debug_frame   0x00001bbc       0xb0 ./Drivers/STM32U0xx_HAL_Driver/Src/stm32u0xx_hal_i2c_ex.o
 .debug_frame   0x00001c6c      0x500 ./Drivers/STM32U0xx_HAL_Driver/Src/stm32u0xx_hal_pcd.o
 .debug_frame   0x0000216c      0x110 ./Drivers/STM32U0xx_HAL_Driver/Src/stm32u0xx_hal_pcd_ex.o
 .debug_frame   0x0000227c      0x414 ./Drivers/STM32U0xx_HAL_Driver/Src/stm32u0xx_hal_pwr_ex.o
 .debug_frame   0x00002690      0x1c4 ./Drivers/STM32U0xx_HAL_Driver/Src/stm32u0xx_hal_rcc.o
 .debug_frame   0x00002854      0x34c ./Drivers/STM32U0xx_HAL_Driver/Src/stm32u0xx_hal_rcc_ex.o
 .debug_frame   0x00002ba0      0x8d8 ./Drivers/STM32U0xx_HAL_Driver/Src/stm32u0xx_hal_uart.o
 .debug_frame   0x00003478      0x258 ./Drivers/STM32U0xx_HAL_Driver/Src/stm32u0xx_hal_uart_ex.o
 .debug_frame   0x000036d0      0x2f8 ./Drivers/STM32U0xx_HAL_Driver/Src/stm32u0xx_ll_usb.o
 .debug_frame   0x000039c8       0x20 C:/STM_PROGRAMS/ST_CUBE_IDE/STM32CubeIDE_1.19.0/STM32CubeIDE/plugins/com.st.stm32cube.ide.mcu.externaltools.gnu-tools-for-stm32.13.3.rel1.win32_1.0.0.202411081344/tools/bin/../lib/gcc/arm-none-eabi/13.3.1/../../../../arm-none-eabi/lib/thumb/v6-m/nofp\libc_nano.a(libc_a-memset.o)
 .debug_frame   0x000039e8       0x2c C:/STM_PROGRAMS/ST_CUBE_IDE/STM32CubeIDE_1.19.0/STM32CubeIDE/plugins/com.st.stm32cube.ide.mcu.externaltools.gnu-tools-for-stm32.13.3.rel1.win32_1.0.0.202411081344/tools/bin/../lib/gcc/arm-none-eabi/13.3.1/../../../../arm-none-eabi/lib/thumb/v6-m/nofp\libc_nano.a(libc_a-init.o)
 .debug_frame   0x00003a14       0x20 C:/STM_PROGRAMS/ST_CUBE_IDE/STM32CubeIDE_1.19.0/STM32CubeIDE/plugins/com.st.stm32cube.ide.mcu.externaltools.gnu-tools-for-stm32.13.3.rel1.win32_1.0.0.202411081344/tools/bin/../lib/gcc/arm-none-eabi/13.3.1/thumb/v6-m/nofp\libgcc.a(_udivsi3.o)
 .debug_frame   0x00003a34       0x20 C:/STM_PROGRAMS/ST_CUBE_IDE/STM32CubeIDE_1.19.0/STM32CubeIDE/plugins/com.st.stm32cube.ide.mcu.externaltools.gnu-tools-for-stm32.13.3.rel1.win32_1.0.0.202411081344/tools/bin/../lib/gcc/arm-none-eabi/13.3.1/thumb/v6-m/nofp\libgcc.a(_divsi3.o)
 .debug_frame   0x00003a54       0x3c C:/STM_PROGRAMS/ST_CUBE_IDE/STM32CubeIDE_1.19.0/STM32CubeIDE/plugins/com.st.stm32cube.ide.mcu.externaltools.gnu-tools-for-stm32.13.3.rel1.win32_1.0.0.202411081344/tools/bin/../lib/gcc/arm-none-eabi/13.3.1/thumb/v6-m/nofp\libgcc.a(_udivmoddi4.o)

.debug_line_str
                0x00000000       0xa3
 .debug_line_str
                0x00000000       0xa3 ./Core/Startup/startup_stm32u083cctx.o
